
> untitled47@0.0.0 test:run
> vitest run


[1m[30m[46m RUN [49m[39m[22m [36mv4.1.8 [39m[90mC:/Users/user/WebstormProjects/Massive Project[39m

 [32mΓ£ô[39m src/lib/api.test.ts [2m([22m[2m9 tests[22m[2m)[22m[32m 24[2mms[22m[39m
 [31mΓ¥»[39m src/App.test.tsx [2m([22m[2m7 tests[22m[2m | [22m[31m3 failed[39m[2m)[22m[32m 294[2mms[22m[39m
     [32mΓ£ô[39m renders without crashing[32m 111[2mms[22m[39m
     [32mΓ£ô[39m shows LoginPage when not logged in[32m 34[2mms[22m[39m
     [32mΓ£ô[39m shows LoginPage when logged in but no token in localStorage[32m 26[2mms[22m[39m
[31m     [31m├ù[31m calls setApiAuthToken with saved token on mount[39m[32m 58[2mms[22m[39m
[31m     [31m├ù[31m stores token in localStorage on login[39m[32m 34[2mms[22m[39m
[31m     [31m├ù[31m clears localStorage on logout[39m[32m 3[2mms[22m[39m
     [32mΓ£ô[39m decodes token username correctly[32m 21[2mms[22m[39m
 [31mΓ¥»[39m src/Pages/LoginPage.test.tsx [2m([22m[2m8 tests[22m[2m | [22m[31m5 failed[39m[2m)[22m[33m 3219[2mms[22m[39m
     [32mΓ£ô[39m renders login form on initial load[32m 176[2mms[22m[39m
[31m     [31m├ù[31m toggles between login and register modes[39m[32m 284[2mms[22m[39m
[31m     [31m├ù[31m displays error message on failed login[39m[33m 1780[2mms[22m[39m
     [33m[2mΓ£ô[22m[39m calls setApiAuthToken and setIsLoggedIn on successful login [33m 403[2mms[22m[39m
[31m     [31m├ù[31m registers new user successfully[39m[32m 51[2mms[22m[39m
[31m     [31m├ù[31m displays loading state during submission[39m[33m 418[2mms[22m[39m
[31m     [31m├ù[31m clears form after successful registration[39m[32m 43[2mms[22m[39m
     [32mΓ£ô[39m requires non-empty username and password[32m 52[2mms[22m[39m
node.exe : 
At line:1 char:1
+ & "C:\Program Files\nodejs/node.exe" "C:\Program Files\nodejs/node_mo ...
+ ~~~~~~~~~~~~~~~~~~~~~~~~~~~~~~~~~~~~~~~~~~~~~~~~~~~~~~~~~~~~~~~~~~~~~
    + CategoryInfo          : NotSpecified: (:String) [], RemoteException
    + FullyQualifiedErrorId : NativeCommandError
 
[31mΓÄ»ΓÄ»ΓÄ»ΓÄ»ΓÄ»ΓÄ»ΓÄ»[39m[1m[41m Failed Tests 8 
[49m[22m[31mΓÄ»ΓÄ»ΓÄ»ΓÄ»ΓÄ»ΓÄ»ΓÄ»[39m

[41m[1m FAIL [22m[49m src/App.test.tsx[2m > [22mApp Component[2m > 
[22mcalls setApiAuthToken with saved token on mount
[31m[1mAssertionError[22m: expected "vi.fn()" to be called with arguments: 
[ 'saved-token' ][90m

Received:

[1m  1st vi.fn() call:

[22m[2m  [[22m
[32m-   "saved-token",[90m
[31m+   undefined,[90m
[2m  ][22m
[31m[90m

Number of calls: [1m1[22m
[31m[39m
[36m [2mΓ¥»[22m src/App.test.tsx:[2m39:44[22m[39m
    [90m 37|[39m     [34mrender[39m([33m<[39m[33mApp[39m 
[33m/[39m[33m>[39m)[33m;[39m
    [90m 38|[39m
    [90m 39|[39m     
expect(vi.mocked(api.setApiAuthToken)).toHaveBeenCalledWith(mockToΓÇª
    [90m   |[39m                                            [31m^[39m
    [90m 40|[39m   })[33m;[39m
    [90m 41|[39m

[31m[2mΓÄ»ΓÄ»ΓÄ»ΓÄ»ΓÄ»ΓÄ»ΓÄ»ΓÄ»ΓÄ»ΓÄ»ΓÄ»ΓÄ»ΓÄ»ΓÄ»ΓÄ»ΓÄ»ΓÄ»ΓÄ»ΓÄ»ΓÄ»ΓÄ»ΓÄ»ΓÄ»Γ
Ä»[1/8]ΓÄ»[22m[39m

[41m[1m FAIL [22m[49m src/App.test.tsx[2m > [22mApp Component[2m > 
[22mstores token in localStorage on login
[31m[1mAssertionError[22m: expected undefined to be 'test-token' // 
Object.is equality[39m

[32m- Expected:[39m
"test-token"

[31m+ Received:[39m
undefined

[36m [2mΓ¥»[22m src/App.test.tsx:[2m48:43[22m[39m
    [90m 46|[39m     
localStorage[33m.[39m[34msetItem[39m([32m"token"[39m[33m,[39m 
[32m"test-token"[39m)[33m;[39m
    [90m 47|[39m
    [90m 48|[39m     [34mexpect[39m(localStorage[33m.[39m[34mgetItem[39
m([32m"token"[39m))[33m.[39m[34mtoBe[39m([32m"test-token"[39m)[33m;[3
9m
    [90m   |[39m                                           [31m^[39m
    [90m 49|[39m   })[33m;[39m
    [90m 50|[39m

[31m[2mΓÄ»ΓÄ»ΓÄ»ΓÄ»ΓÄ»ΓÄ»ΓÄ»ΓÄ»ΓÄ»ΓÄ»ΓÄ»ΓÄ»ΓÄ»ΓÄ»ΓÄ»ΓÄ»ΓÄ»ΓÄ»ΓÄ»ΓÄ»ΓÄ»ΓÄ»ΓÄ»Γ
Ä»[2/8]ΓÄ»[22m[39m

[41m[1m FAIL [22m[49m src/App.test.tsx[2m > [22mApp Component[2m > 
[22mclears localStorage on logout
[31m[1mAssertionError[22m: expected undefined to be null[39m

[32m- Expected:[39m
null

[31m+ Received:[39m
undefined

[36m [2mΓ¥»[22m src/App.test.tsx:[2m55:43[22m[39m
    [90m 53|[39m     
localStorage[33m.[39m[34mremoveItem[39m([32m"token"[39m)[33m;[39m
    [90m 54|[39m
    [90m 55|[39m     [34mexpect[39m(localStorage[33m.[39m[34mgetItem[39
m([32m"token"[39m))[33m.[39m[34mtoBeNull[39m()[33m;[39m
    [90m   |[39m                                           [31m^[39m
    [90m 56|[39m   })[33m;[39m
    [90m 57|[39m

[31m[2mΓÄ»ΓÄ»ΓÄ»ΓÄ»ΓÄ»ΓÄ»ΓÄ»ΓÄ»ΓÄ»ΓÄ»ΓÄ»ΓÄ»ΓÄ»ΓÄ»ΓÄ»ΓÄ»ΓÄ»ΓÄ»ΓÄ»ΓÄ»ΓÄ»ΓÄ»ΓÄ»Γ
Ä»[3/8]ΓÄ»[22m[39m

[41m[1m FAIL [22m[49m src/Pages/LoginPage.test.tsx[2m > 
[22mLoginPage[2m > [22mtoggles between login and register modes
[31m[1mTestingLibraryElementError[22m[39m: Found multiple elements with 
the role "button" and name `/register/i`

Here are the matching elements:

Ignored nodes: comments, script, style
[36m<button[39m
  [33mclass[39m=[32m"btn-secondary w-auto shrink-0 px-4 py-2 text-sm"[39m
  [33mtype[39m=[32m"button"[39m
[36m>[39m
  [0mRegister[0m
[36m</button>[39m

Ignored nodes: comments, script, style
[36m<button[39m
  [33mclass[39m=[32m"mt-4 w-full text-sm font-semibold text-blue-600 
transition-colors hover:text-blue-700 dark:text-blue-400 
dark:hover:text-blue-300"[39m
  [33mtype[39m=[32m"button"[39m
[36m>[39m
  [0mNeed an account? Register[0m
[36m</button>[39m

(If this is intentional, then use the `*AllBy*` variant of the query (like 
`queryAllByText`, `getAllByText`, or `findAllByText`)).

Ignored nodes: comments, script, style
[36m<body>[39m
  [36m<div>[39m
    [36m<div[39m
      [33mclass[39m=[32m"min-h-screen px-4 py-6 sm:px-6 lg:px-8"[39m
    [36m>[39m
      [36m<div[39m
        [33mclass[39m=[32m"mx-auto grid min-h-[calc(100vh-3rem)] max-w-6xl 
items-center gap-8 lg:grid-cols-[1.1fr_0.9fr]"[39m
      [36m>[39m
        [36m<section[39m
          [33mclass[39m=[32m"relative overflow-hidden rounded-[2rem] p-8 
text-white shadow-2xl sm:p-10"[39m
        [36m>[39m
          [36m<div[39m
            [33mclass[39m=[32m"absolute inset-0 bg-[radial-gradient(circle_a
t_top_right,rgba(255,255,255,0.2),transparent_28%)]"[39m
          [36m/>[39m
          [36m<div[39m
            [33mclass[39m=[32m"absolute -right-20 top-8 h-40 w-40 
rounded-full bg-white/10 blur-3xl"[39m
          [36m/>[39m
          [36m<div[39m
            [33mclass[39m=[32m"absolute -bottom-12 left-4 h-32 w-32 
rounded-full bg-cyan-300/20 blur-3xl"[39m
          [36m/>[39m
          [36m<div[39m
            [33mclass[39m=[32m"relative z-10 max-w-xl"[39m
          [36m>[39m
            [36m<p[39m
              [33mclass[39m=[32m"text-sm font-semibold uppercase 
tracking-[0.35em] text-blue-100/80"[39m
            [36m>[39m
              [0mSpark Finance[0m
            [36m</p>[39m
            [36m<h1[39m
              [33mclass[39m=[32m"mt-6 text-4xl font-black tracking-tight 
sm:text-5xl"[39m
            [36m>[39m
              [0mTrack money with a calmer, sharper dashboard.[0m
            [36m</h1>[39m
            [36m<p[39m
              [33mclass[39m=[32m"mt-4 max-w-lg text-sm leading-7 
text-blue-50/90 sm:text-base"[39m
            [36m>[39m
              [0mCapture income, watch spending, and read your finances at a 
glance without visual noise.[0m
            [36m</p>[39m
            [36m<div[39m
              [33mclass[39m=[32m"mt-10 grid gap-4 sm:grid-cols-3"[39m
            [36m>[39m
              [36m<div[39m
                [33mclass[39m=[32m"rounded-2xl border border-white/15 
bg-white/10 p-4 backdrop-blur"[39m
              [36m>[39m
                [36m<p[39m
                  [33mclass[39m=[32m"text-xs uppercase tracking-[0.2em] 
text-blue-100/70"[39m
                [36m>[39m
                  [0mFast entry[0m
                [36m</p>[39m
                [36m<p[39m
                  [33mclass[39m=[32m"mt-2 text-sm font-semibold"[39m
                [36m>[39m
                  [0mLog transactions in seconds.[0m
                [36m</p>[39m
              [36m</div>[39m
              [36m<div[39m
                [33mclass[39m=[32m"rounded-2xl border border-white/15 
bg-white/10 p-4 backdrop-blur"[39m
              [36m>[39m
                [36m<p[39m
                  [33mclass[39m=[32m"text-xs uppercase tracking-[0.2em] 
text-blue-100/70"[39m
                [36m>[39m
                  [0mClear insight[0m
                [36m</p>[39m
                [36m<p[39m
                  [33mclass[39m=[32m"mt-2 text-sm font-semibold"[39m
                [36m>[39m
                  [0mSee income and expenses together.[0m
                [36m</p>[39m
              [36m</div>[39m
              [36m<div[39m
                [33mclass[39m=[32m"rounded-2xl border border-white/15 
bg-white/10 p-4 backdrop-blur"[39m
              [36m>[39m
                [36m<p[39m
                  [33mclass[39m=[32m"text-xs uppercase tracking-[0.2em] 
text-blue-100/70"[39m
                [36m>[39m
                  [0mSecure access[0m
                [36m</p>[39m
                [36m<p[39m
                  [33mclass[39m=[32m"mt-2 text-sm font-semibold"[39m
                [36m>[39m
                  [0mYour JWT session stays protected.[0m
                [36m</p>[39m
              [36m</div>[39m
            [36m</div>[39m
          [36m</div>[39m
        [36m</section>[39m
        [36m<section[39m
          [33mclass[39m=[32m"surface rounded-[2rem] p-6 sm:p-8"[39m
        [36m>[39m
          [36m<div[39m
            [33mclass[39m=[32m"flex items-start justify-between gap-4"[39m
          [36m>[39m
            [36m<div>[39m
              [36m<p[39m
                [33mclass[39m=[32m"text-xs font-semibold uppercase 
tracking-[0.3em] text-blue-600 dark:text-blue-400"[39m
              [36m>[39m
                [0mAccess[0m
              [36m</p>[39m
              [36m<h2[39m
                [33mclass[39m=[32m"mt-2 text-2xl font-bold text-slate-900 
dark:text-white"[39m
              [36m>[39m
                [0mWelcome back[0m
              [36m</h2>[39m
              [36m<p[39m
                [33mclass[39m=[32m"mt-2 text-sm leading-6 text-slate-500 
dark:text-slate-400"[39m
              [36m>[39m
                [0mSign in to continue where you left off.[0m
              [36m</p>[39m
            [36m</div>[39m
            [36m<button[39m
              [33mclass[39m=[32m"btn-secondary w-auto shrink-0 px-4 py-2 
text-sm"[39m
              [33mtype[39m=[32m"button"[39m
            [36m>[39m
              [0mRegister[0m
            [36m</button>[39m
          [36m</div>[39m
          [36m<form[39m
            [33mclass[39m=[32m"mt-6 space-y-4"[39m
          [36m>[39m
            [36m<div[39m
              [33mclass[39m=[32m"space-y-2 "[39m
            [36m>[39m
              [36m<label[39m
                [33mclass[39m=[32m"text-sm font-semibold text-slate-700 
dark:text-slate-200"[39m
              [36m>[39m
                [0mUsername[0m
              [36m</label>[39m
              [36m<input[39m
                [33maria-invalid[39m=[32m"false"[39m
                [33mclass[39m=[32m"input-field  "[39m
                [33mname[39m=[32m"username"[39m
                [33mplaceholder[39m=[32m"Enter your username"[39m
                [33mrequired[39m=[32m""[39m
                [33mvalue[39m=[32m""[39m
              [36m/>[39m
            [36m</div>[39m
            [36m<div[39m
              [33mclass[39m=[32m"space-y-2 "[39m
            [36m>[39m
              [36m<label[39m
                [33mclass[39m=[32m"text-sm font-semibold text-slate-700 
dark:text-slate-200"[39m
              [36m>[39m
                [0mPassword[0m
              [36m</label>[39m
              [36m<input[39m
                [33maria-invalid[39m=[32m"false"[39m
                [33mclass[39m=[32m"input-field  "[39m
                [33mname[39m=[32m"password"[39m
                [33mplaceholder[39m=[32m"ΓÇóΓÇóΓÇóΓÇóΓÇóΓÇóΓÇóΓÇó"[39m
                [33mrequired[39m=[32m""[39m
                [33mtype[39m=[32m"password"[39m
                [33mvalue[39m=[32m""[39m
              [36m/>[39m
            [36m</div>[39m
            [36m<button[39m
              [33mclass[39m=[32m"btn-primary"[39m
            [36m>[39m
              [0mLogin[0m
            [36m</button>[39m
          [36m</form>[39m
          [36m<button[39m
            [33mclass[39m=[32m"mt-4 w-full text-sm font-semibold 
text-blue-600 transition-colors hover:text-blue-700 dark:text-blue-400 
dark:hover:text-blue-300"[39m
            [33mtype[39m=[32m"button"[39m
          [36m>[39m
            [0mNeed an account? Register[0m
          [36m</button>[39m
        [36m</section>[39m
      [36m</div>[39m
    [36m</div>[39m
  [36m</div>[39m
[36m</body>[39m
[90m [2mΓ¥»[22m Object.getElementError 
node_modules/@testing-library/dom/dist/config.js:[2m37:19[22m[39m
[90m [2mΓ¥»[22m getElementError 
node_modules/@testing-library/dom/dist/query-helpers.js:[2m20:35[22m[39m
[90m [2mΓ¥»[22m getMultipleElementsFoundError 
node_modules/@testing-library/dom/dist/query-helpers.js:[2m23:10[22m[39m
[90m [2mΓ¥»[22m 
node_modules/@testing-library/dom/dist/query-helpers.js:[2m55:13[22m[39m
[90m [2mΓ¥»[22m 
node_modules/@testing-library/dom/dist/query-helpers.js:[2m95:19[22m[39m
[36m [2mΓ¥»[22m src/Pages/LoginPage.test.tsx:[2m43:33[22m[39m
    [90m 41|[39m     [34mrenderLoginPage[39m()[33m;[39m
    [90m 42|[39m
    [90m 43|[39m     const toggleButton = screen.getByRole("button", { name: 
/register/ΓÇª
    [90m   |[39m                                 [31m^[39m
    [90m 44|[39m     [35mawait[39m 
user[33m.[39m[34mclick[39m(toggleButton)[33m;[39m
    [90m 45|[39m

[31m[2mΓÄ»ΓÄ»ΓÄ»ΓÄ»ΓÄ»ΓÄ»ΓÄ»ΓÄ»ΓÄ»ΓÄ»ΓÄ»ΓÄ»ΓÄ»ΓÄ»ΓÄ»ΓÄ»ΓÄ»ΓÄ»ΓÄ»ΓÄ»ΓÄ»ΓÄ»ΓÄ»Γ
Ä»[4/8]ΓÄ»[22m[39m

[41m[1m FAIL [22m[49m src/Pages/LoginPage.test.tsx[2m > 
[22mLoginPage[2m > [22mdisplays error message on failed login
[31m[1mTestingLibraryElementError[22m[39m: Unable to find an element with 
the text: /Invalid username or password/i. This could be because the text is 
broken up by multiple elements. In this case, you can provide a function for 
your text matcher to make your matcher more flexible.

Ignored nodes: comments, script, style
[36m<body>[39m
  [36m<div>[39m
    [36m<div[39m
      [33mclass[39m=[32m"min-h-screen px-4 py-6 sm:px-6 lg:px-8"[39m
    [36m>[39m
      [36m<div[39m
        [33mclass[39m=[32m"mx-auto grid min-h-[calc(100vh-3rem)] max-w-6xl 
items-center gap-8 lg:grid-cols-[1.1fr_0.9fr]"[39m
      [36m>[39m
        [36m<section[39m
          [33mclass[39m=[32m"relative overflow-hidden rounded-[2rem] p-8 
text-white shadow-2xl sm:p-10"[39m
        [36m>[39m
          [36m<div[39m
            [33mclass[39m=[32m"absolute inset-0 bg-[radial-gradient(circle_a
t_top_right,rgba(255,255,255,0.2),transparent_28%)]"[39m
          [36m/>[39m
          [36m<div[39m
            [33mclass[39m=[32m"absolute -right-20 top-8 h-40 w-40 
rounded-full bg-white/10 blur-3xl"[39m
          [36m/>[39m
          [36m<div[39m
            [33mclass[39m=[32m"absolute -bottom-12 left-4 h-32 w-32 
rounded-full bg-cyan-300/20 blur-3xl"[39m
          [36m/>[39m
          [36m<div[39m
            [33mclass[39m=[32m"relative z-10 max-w-xl"[39m
          [36m>[39m
            [36m<p[39m
              [33mclass[39m=[32m"text-sm font-semibold uppercase 
tracking-[0.35em] text-blue-100/80"[39m
            [36m>[39m
              [0mSpark Finance[0m
            [36m</p>[39m
            [36m<h1[39m
              [33mclass[39m=[32m"mt-6 text-4xl font-black tracking-tight 
sm:text-5xl"[39m
            [36m>[39m
              [0mTrack money with a calmer, sharper dashboard.[0m
            [36m</h1>[39m
            [36m<p[39m
              [33mclass[39m=[32m"mt-4 max-w-lg text-sm leading-7 
text-blue-50/90 sm:text-base"[39m
            [36m>[39m
              [0mCapture income, watch spending, and read your finances at a 
glance without visual noise.[0m
            [36m</p>[39m
            [36m<div[39m
              [33mclass[39m=[32m"mt-10 grid gap-4 sm:grid-cols-3"[39m
            [36m>[39m
              [36m<div[39m
                [33mclass[39m=[32m"rounded-2xl border border-white/15 
bg-white/10 p-4 backdrop-blur"[39m
              [36m>[39m
                [36m<p[39m
                  [33mclass[39m=[32m"text-xs uppercase tracking-[0.2em] 
text-blue-100/70"[39m
                [36m>[39m
                  [0mFast entry[0m
                [36m</p>[39m
                [36m<p[39m
                  [33mclass[39m=[32m"mt-2 text-sm font-semibold"[39m
                [36m>[39m
                  [0mLog transactions in seconds.[0m
                [36m</p>[39m
              [36m</div>[39m
              [36m<div[39m
                [33mclass[39m=[32m"rounded-2xl border border-white/15 
bg-white/10 p-4 backdrop-blur"[39m
              [36m>[39m
                [36m<p[39m
                  [33mclass[39m=[32m"text-xs uppercase tracking-[0.2em] 
text-blue-100/70"[39m
                [36m>[39m
                  [0mClear insight[0m
                [36m</p>[39m
                [36m<p[39m
                  [33mclass[39m=[32m"mt-2 text-sm font-semibold"[39m
                [36m>[39m
                  [0mSee income and expenses together.[0m
                [36m</p>[39m
              [36m</div>[39m
              [36m<div[39m
                [33mclass[39m=[32m"rounded-2xl border border-white/15 
bg-white/10 p-4 backdrop-blur"[39m
              [36m>[39m
                [36m<p[39m
                  [33mclass[39m=[32m"text-xs uppercase tracking-[0.2em] 
text-blue-100/70"[39m
                [36m>[39m
                  [0mSecure access[0m
                [36m</p>[39m
                [36m<p[39m
                  [33mclass[39m=[32m"mt-2 text-sm font-semibold"[39m
                [36m>[39m
                  [0mYour JWT session stays protected.[0m
                [36m</p>[39m
              [36m</div>[39m
            [36m</div>[39m
          [36m</div>[39m
        [36m</section>[39m
        [36m<section[39m
          [33mclass[39m=[32m"surface rounded-[2rem] p-6 sm:p-8"[39m
        [36m>[39m
          [36m<div[39m
            [33mclass[39m=[32m"flex items-start justify-between gap-4"[39m
          [36m>[39m
            [36m<div>[39m
              [36m<p[39m
                [33mclass[39m=[32m"text-xs font-semibold uppercase 
tracking-[0.3em] text-blue-600 dark:text-blue-400"[39m
              [36m>[39m
                [0mAccess[0m
              [36m</p>[39m
              [36m<h2[39m
                [33mclass[39m=[32m"mt-2 text-2xl font-bold text-slate-900 
dark:text-white"[39m
              [36m>[39m
                [0mWelcome back[0m
              [36m</h2>[39m
              [36m<p[39m
                [33mclass[39m=[32m"mt-2 text-sm leading-6 text-slate-500 
dark:text-slate-400"[39m
              [36m>[39m
                [0mSign in to continue where you left off.[0m
              [36m</p>[39m
            [36m</div>[39m
            [36m<button[39m
              [33mclass[39m=[32m"btn-secondary w-auto shrink-0 px-4 py-2 
text-sm"[39m
              [33mtype[39m=[32m"button"[39m
            [36m>[39m
              [0mRegister[0m
            [36m</button>[39m
          [36m</div>[39m
          [36m<div[39m
            [33mclass[39m=[32m"mt-6 rounded-2xl border border-rose-200 
bg-rose-50 px-4 py-3 text-sm text-rose-700 dark:border-rose-500/30 
dark:bg-rose-500/10 dark:text-rose-200"[39m
          [36m>[39m
            [0mAn error occurred[0m
          [36m</div>[39m
          [36m<form[39m
            [33mclass[39m=[32m"mt-6 space-y-4"[39m
          [36m>[39m
            [36m<div[39m
              [33mclass[39m=[32m"space-y-2 "[39m
            [36m>[39m
              [36m<label[39m
                [33mclass[39m=[32m"text-sm font-semibold text-slate-700 
dark:text-slate-200"[39m
              [36m>[39m
                [0mUsername[0m
              [36m</label>[39m
              [36m<input[39m
                [33maria-invalid[39m=[32m"false"[39m
                [33mclass[39m=[32m"input-field  "[39m
                [33mname[39m=[32m"username"[39m
                [33mplaceholder[39m=[32m"Enter your username"[39m
                [33mrequired[39m=[32m""[39m
                [33mvalue[39m=[32m"testuser"[39m
              [36m/>[39m
            [36m</div>[39m
            [36m<div[39m
              [33mclass[39m=[32m"space-y-2 "[39m
            [36m>[39m
              [36m<label[39m
                [33mclass[39m=[32m"text-sm font-semibold text-slate-700 
dark:text-slate-200"[39m
              [36m>[39m
                [0mPassword[0m
              [36m</label>[39m
              [36m<input[39m
                [33maria-invalid[39m=[32m"false"[39m
                [33mclass[39m=[32m"input-field  "[39m
                [33mname[39m=[32m"password"[39m
                [33mplaceholder[39m=[32m"ΓÇóΓÇóΓÇóΓÇóΓÇóΓÇóΓÇóΓÇó"[39m
                [33mrequired[39m=[32m""[39m
                [33mtype[39m=[32m"password"[39m
                [33mvalue[39m=[32m"wrongpassword"[39m
              [36m/>[39m
            [36m</div>[39m
            [36m<button[39m
              [33mclass[39m=[32m"btn-primary"[39m
            [36m>[39m
              [0mLogin[0m
            [36m</button>[39m
          [36m</form>[39m
          [36m<button[39m
            [33mclass[39m=[32m"mt-4 w-full text-sm font-semibold 
text-blue-600 transition-colors hover:text-blue-700 dark:text-blue-400 
dark:hover:text-blue-300"[39m
            [33mtype[39m=[32m"button"[39m
          [36m>[39m
            [0mNeed an account? Register[0m
          [36m</button>[39m
        [36m</section>[39m
      [36m</div>[39m
    [36m</div>[39m
  [36m</div>[39m
[36m</body>[39m

Ignored nodes: comments, script, style
[36m<html>[39m
  [36m<head />[39m
  [36m<body>[39m
    [36m<div>[39m
      [36m<div[39m
        [33mclass[39m=[32m"min-h-screen px-4 py-6 sm:px-6 lg:px-8"[39m
      [36m>[39m
        [36m<div[39m
          [33mclass[39m=[32m"mx-auto grid min-h-[calc(100vh-3rem)] 
max-w-6xl items-center gap-8 lg:grid-cols-[1.1fr_0.9fr]"[39m
        [36m>[39m
          [36m<section[39m
            [33mclass[39m=[32m"relative overflow-hidden rounded-[2rem] p-8 
text-white shadow-2xl sm:p-10"[39m
          [36m>[39m
            [36m<div[39m
              [33mclass[39m=[32m"absolute inset-0 bg-[radial-gradient(circle
_at_top_right,rgba(255,255,255,0.2),transparent_28%)]"[39m
            [36m/>[39m
            [36m<div[39m
              [33mclass[39m=[32m"absolute -right-20 top-8 h-40 w-40 
rounded-full bg-white/10 blur-3xl"[39m
            [36m/>[39m
            [36m<div[39m
              [33mclass[39m=[32m"absolute -bottom-12 left-4 h-32 w-32 
rounded-full bg-cyan-300/20 blur-3xl"[39m
            [36m/>[39m
            [36m<div[39m
              [33mclass[39m=[32m"relative z-10 max-w-xl"[39m
            [36m>[39m
              [36m<p[39m
                [33mclass[39m=[32m"text-sm font-semibold uppercase 
tracking-[0.35em] text-blue-100/80"[39m
              [36m>[39m
                [0mSpark Finance[0m
              [36m</p>[39m
              [36m<h1[39m
                [33mclass[39m=[32m"mt-6 text-4xl font-black tracking-tight 
sm:text-5xl"[39m
              [36m>[39m
                [0mTrack money with a calmer, sharper dashboard.[0m
              [36m</h1>[39m
              [36m<p[39m
                [33mclass[39m=[32m"mt-4 max-w-lg text-sm leading-7 
text-blue-50/90 sm:text-base"[39m
              [36m>[39m
                [0mCapture income, watch spending, and read your finances at 
a glance without visual noise.[0m
              [36m</p>[39m
              [36m<div[39m
                [33mclass[39m=[32m"mt-10 grid gap-4 sm:grid-cols-3"[39m
              [36m>[39m
                [36m<div[39m
                  [33mclass[39m=[32m"rounded-2xl border border-white/15 
bg-white/10 p-4 backdrop-blur"[39m
                [36m>[39m
                  [36m<p[39m
                    [33mclass[39m=[32m"text-xs uppercase tracking-[0.2em] 
text-blue-100/70"[39m
                  [36m>[39m
                    [0mFast entry[0m
                  [36m</p>[39m
                  [36m<p[39m
                    [33mclass[39m=[32m"mt-2 text-sm font-semibold"[39m
                  [36m>[39m
                    [0mLog transactions in seconds.[0m
                  [36m</p>[39m
                [36m</div>[39m
                [36m<div[39m
                  [33mclass[39m=[32m"rounded-2xl border border-white/15 
bg-white/10 p-4 backdrop-blur"[39m
                [36m>[39m
                  [36m<p[39m
                    [33mclass[39m=[32m"text-xs uppercase tracking-[0.2em] 
text-blue-100/70"[39m
                  [36m>[39m
                    [0mClear insight[0m
                  [36m</p>[39m
                  [36m<p[39m
                    [33mclass[39m=[32m"mt-2 text-sm font-semibold"[39m
                  [36m>[39m
                    [0mSee income and expenses together.[0m
                  [36m</p>[39m
                [36m</div>[39m
                [36m<div[39m
                  [33mclass[39m=[32m"rounded-2xl border border-white/15 
bg-white/10 p-4 backdrop-blur"[39m
                [36m>[39m
                  [36m<p[39m
                    [33mclass[39m=[32m"text-xs uppercase tracking-[0.2em] 
text-blue-100/70"[39m
                  [36m>[39m
                    [0mSecure access[0m
                  [36m</p>[39m
                  [36m<p[39m
                    [33mclass[39m=[32m"mt-2 text-sm font-semibold"[39m
                  [36m>[39m
                    [0mYour JWT session stays protected.[0m
                  [36m</p>[39m
                [36m</div>[39m
              [36m</div>[39m
            [36m</div>[39m
          [36m</section>[39m
          [36m<section[39m
            [33mclass[39m=[32m"surface rounded-[2rem] p-6 sm:p-8"[39m
          [36m>[39m
            [36m<div[39m
              [33mclass[39m=[32m"flex items-start justify-between 
gap-4"[39m
            [36m>[39m
              [36m<div>[39m
                [36m<p[39m
                  [33mclass[39m=[32m"text-xs font-semibold uppercase 
tracking-[0.3em] text-blue-600 dark:text-blue-400"[39m
                [36m>[39m
                  [0mAccess[0m
                [36m</p>[39m
                [36m<h2[39m
                  [33mclass[39m=[32m"mt-2 text-2xl font-bold text-slate-900 
dark:text-white"[39m
                [36m>[39m
                  [0mWelcome back[0m
                [36m</h2>[39m
                [36m<p[39m
                  [33mclass[39m=[32m"mt-2 text-sm leading-6 text-slate-500 
dark:text-slate-400"[39m
                [36m>[39m
                  [0mSign in to continue where you left off.[0m
                [36m</p>[39m
              [36m</div>[39m
              [36m<button[39m
                [33mclass[39m=[32m"btn-secondary w-auto shrink-0 px-4 py-2 
text-sm"[39m
                [33mtype[39m=[32m"button"[39m
              [36m>[39m
                [0mRegister[0m
              [36m</button>[39m
            [36m</div>[39m
            [36m<div[39m
              [33mclass[39m=[32m"mt-6 rounded-2xl border border-rose-200 
bg-rose-50 px-4 py-3 text-sm text-rose-700 dark:border-rose-500/30 
dark:bg-rose-500/10 dark:text-rose-200"[39m
            [36m>[39m
              [0mAn error occurred[0m
            [36m</div>[39m
            [36m<form[39m
              [33mclass[39m=[32m"mt-6 space-y-4"[39m
            [36m>[39m
              [36m<div[39m
                [33mclass[39m=[32m"space-y-2 "[39m
              [36m>[39m
                [36m<label[39m
                  [33mclass[39m=[32m"text-sm font-semibold text-slate-700 
dark:text-slate-200"[39m
                [36m>[39m
                  [0mUsername[0m
                [36m</label>[39m
                [36m<input[39m
                  [33maria-invalid[39m=[32m"false"[39m
                  [33mclass[39m=[32m"input-field  "[39m
                  [33mname[39m=[32m"username"[39m
                  [33mplaceholder[39m=[32m"Enter your username"[39m
                  [33mrequired[39m=[32m""[39m
                  [33mvalue[39m=[32m"testuser"[39m
                [36m/>[39m
              [36m</div>[39m
              [36m<div[39m
                [33mclass[39m=[32m"space-y-2 "[39m
              [36m>[39m
                [36m<label[39m
                  [33mclass[39m=[32m"text-sm font-semibold text-slate-700 
dark:text-slate-200"[39m
                [36m>[39m
                  [0mPassword[0m
                [36m</label>[39m
                [36m<input[39m
                  [33maria-invalid[39m=[32m"false"[39m
                  [33mclass[39m=[32m"input-field  "[39m
                  [33mname[39m=[32m"password"[39m
                  [33mplaceholder[39m=[32m"ΓÇóΓÇóΓÇóΓÇóΓÇóΓÇóΓÇóΓÇó"[39m
                  [33mrequired[39m=[32m""[39m
                  [33mtype[39m=[32m"password"[39m
                  [33mvalue[39m=[32m"wrongpassword"[39m
                [36m/>[39m
              [36m</div>[39m
              [36m<button[39m
                [33mclass[39m=[32m"btn-primary"[39m
              [36m>[39m
                [0mLogin[0m
              [36m</button>[39m
            [36m</form>[39m
            [36m<button[39m
              [33mclass[39m=[32m"mt-4 w-full text-sm font-semibold 
text-blue-600 transition-colors hover:text-blue-700 dark:text-blue-400 
dark:hover:text-blue-300"[39m
              [33mtype[39m=[32m"button"[39m
            [36m>[39m
              [0mNeed an account? Register[0m
            [36m</button>[39m
          [36m</section>[39m
        [36m</div>[39m
      [36m</div>[39m
    [36m</div>[39m
  [36m</body>[39m
[36m</html>[39m
[90m [2mΓ¥»[22m Proxy.waitForWrapper 
node_modules/@testing-library/dom/dist/wait-for.js:[2m163:27[22m[39m
[36m [2mΓ¥»[22m src/Pages/LoginPage.test.tsx:[2m67:11[22m[39m
    [90m 65|[39m     [35mawait[39m 
user[33m.[39m[34mclick[39m(submitButton)[33m;[39m
    [90m 66|[39m
    [90m 67|[39m     [35mawait[39m [34mwaitFor[39m(() [33m=>[39m {
    [90m   |[39m           [31m^[39m
    [90m 68|[39m       expect(screen.getByText(/Invalid username or 
password/i)).toBeDeΓÇª
    [90m 69|[39m     })[33m;[39m

[31m[2mΓÄ»ΓÄ»ΓÄ»ΓÄ»ΓÄ»ΓÄ»ΓÄ»ΓÄ»ΓÄ»ΓÄ»ΓÄ»ΓÄ»ΓÄ»ΓÄ»ΓÄ»ΓÄ»ΓÄ»ΓÄ»ΓÄ»ΓÄ»ΓÄ»ΓÄ»ΓÄ»Γ
Ä»[5/8]ΓÄ»[22m[39m

[41m[1m FAIL [22m[49m src/Pages/LoginPage.test.tsx[2m > 
[22mLoginPage[2m > [22mregisters new user successfully
[31m[1mTestingLibraryElementError[22m[39m: Found multiple elements with 
the role "button" and name `/register/i`

Here are the matching elements:

Ignored nodes: comments, script, style
[36m<button[39m
  [33mclass[39m=[32m"btn-secondary w-auto shrink-0 px-4 py-2 text-sm"[39m
  [33mtype[39m=[32m"button"[39m
[36m>[39m
  [0mRegister[0m
[36m</button>[39m

Ignored nodes: comments, script, style
[36m<button[39m
  [33mclass[39m=[32m"mt-4 w-full text-sm font-semibold text-blue-600 
transition-colors hover:text-blue-700 dark:text-blue-400 
dark:hover:text-blue-300"[39m
  [33mtype[39m=[32m"button"[39m
[36m>[39m
  [0mNeed an account? Register[0m
[36m</button>[39m

(If this is intentional, then use the `*AllBy*` variant of the query (like 
`queryAllByText`, `getAllByText`, or `findAllByText`)).

Ignored nodes: comments, script, style
[36m<body>[39m
  [36m<div>[39m
    [36m<div[39m
      [33mclass[39m=[32m"min-h-screen px-4 py-6 sm:px-6 lg:px-8"[39m
    [36m>[39m
      [36m<div[39m
        [33mclass[39m=[32m"mx-auto grid min-h-[calc(100vh-3rem)] max-w-6xl 
items-center gap-8 lg:grid-cols-[1.1fr_0.9fr]"[39m
      [36m>[39m
        [36m<section[39m
          [33mclass[39m=[32m"relative overflow-hidden rounded-[2rem] p-8 
text-white shadow-2xl sm:p-10"[39m
        [36m>[39m
          [36m<div[39m
            [33mclass[39m=[32m"absolute inset-0 bg-[radial-gradient(circle_a
t_top_right,rgba(255,255,255,0.2),transparent_28%)]"[39m
          [36m/>[39m
          [36m<div[39m
            [33mclass[39m=[32m"absolute -right-20 top-8 h-40 w-40 
rounded-full bg-white/10 blur-3xl"[39m
          [36m/>[39m
          [36m<div[39m
            [33mclass[39m=[32m"absolute -bottom-12 left-4 h-32 w-32 
rounded-full bg-cyan-300/20 blur-3xl"[39m
          [36m/>[39m
          [36m<div[39m
            [33mclass[39m=[32m"relative z-10 max-w-xl"[39m
          [36m>[39m
            [36m<p[39m
              [33mclass[39m=[32m"text-sm font-semibold uppercase 
tracking-[0.35em] text-blue-100/80"[39m
            [36m>[39m
              [0mSpark Finance[0m
            [36m</p>[39m
            [36m<h1[39m
              [33mclass[39m=[32m"mt-6 text-4xl font-black tracking-tight 
sm:text-5xl"[39m
            [36m>[39m
              [0mTrack money with a calmer, sharper dashboard.[0m
            [36m</h1>[39m
            [36m<p[39m
              [33mclass[39m=[32m"mt-4 max-w-lg text-sm leading-7 
text-blue-50/90 sm:text-base"[39m
            [36m>[39m
              [0mCapture income, watch spending, and read your finances at a 
glance without visual noise.[0m
            [36m</p>[39m
            [36m<div[39m
              [33mclass[39m=[32m"mt-10 grid gap-4 sm:grid-cols-3"[39m
            [36m>[39m
              [36m<div[39m
                [33mclass[39m=[32m"rounded-2xl border border-white/15 
bg-white/10 p-4 backdrop-blur"[39m
              [36m>[39m
                [36m<p[39m
                  [33mclass[39m=[32m"text-xs uppercase tracking-[0.2em] 
text-blue-100/70"[39m
                [36m>[39m
                  [0mFast entry[0m
                [36m</p>[39m
                [36m<p[39m
                  [33mclass[39m=[32m"mt-2 text-sm font-semibold"[39m
                [36m>[39m
                  [0mLog transactions in seconds.[0m
                [36m</p>[39m
              [36m</div>[39m
              [36m<div[39m
                [33mclass[39m=[32m"rounded-2xl border border-white/15 
bg-white/10 p-4 backdrop-blur"[39m
              [36m>[39m
                [36m<p[39m
                  [33mclass[39m=[32m"text-xs uppercase tracking-[0.2em] 
text-blue-100/70"[39m
                [36m>[39m
                  [0mClear insight[0m
                [36m</p>[39m
                [36m<p[39m
                  [33mclass[39m=[32m"mt-2 text-sm font-semibold"[39m
                [36m>[39m
                  [0mSee income and expenses together.[0m
                [36m</p>[39m
              [36m</div>[39m
              [36m<div[39m
                [33mclass[39m=[32m"rounded-2xl border border-white/15 
bg-white/10 p-4 backdrop-blur"[39m
              [36m>[39m
                [36m<p[39m
                  [33mclass[39m=[32m"text-xs uppercase tracking-[0.2em] 
text-blue-100/70"[39m
                [36m>[39m
                  [0mSecure access[0m
                [36m</p>[39m
                [36m<p[39m
                  [33mclass[39m=[32m"mt-2 text-sm font-semibold"[39m
                [36m>[39m
                  [0mYour JWT session stays protected.[0m
                [36m</p>[39m
              [36m</div>[39m
            [36m</div>[39m
          [36m</div>[39m
        [36m</section>[39m
        [36m<section[39m
          [33mclass[39m=[32m"surface rounded-[2rem] p-6 sm:p-8"[39m
        [36m>[39m
          [36m<div[39m
            [33mclass[39m=[32m"flex items-start justify-between gap-4"[39m
          [36m>[39m
            [36m<div>[39m
              [36m<p[39m
                [33mclass[39m=[32m"text-xs font-semibold uppercase 
tracking-[0.3em] text-blue-600 dark:text-blue-400"[39m
              [36m>[39m
                [0mAccess[0m
              [36m</p>[39m
              [36m<h2[39m
                [33mclass[39m=[32m"mt-2 text-2xl font-bold text-slate-900 
dark:text-white"[39m
              [36m>[39m
                [0mWelcome back[0m
              [36m</h2>[39m
              [36m<p[39m
                [33mclass[39m=[32m"mt-2 text-sm leading-6 text-slate-500 
dark:text-slate-400"[39m
              [36m>[39m
                [0mSign in to continue where you left off.[0m
              [36m</p>[39m
            [36m</div>[39m
            [36m<button[39m
              [33mclass[39m=[32m"btn-secondary w-auto shrink-0 px-4 py-2 
text-sm"[39m
              [33mtype[39m=[32m"button"[39m
            [36m>[39m
              [0mRegister[0m
            [36m</button>[39m
          [36m</div>[39m
          [36m<form[39m
            [33mclass[39m=[32m"mt-6 space-y-4"[39m
          [36m>[39m
            [36m<div[39m
              [33mclass[39m=[32m"space-y-2 "[39m
            [36m>[39m
              [36m<label[39m
                [33mclass[39m=[32m"text-sm font-semibold text-slate-700 
dark:text-slate-200"[39m
              [36m>[39m
                [0mUsername[0m
              [36m</label>[39m
              [36m<input[39m
                [33maria-invalid[39m=[32m"false"[39m
                [33mclass[39m=[32m"input-field  "[39m
                [33mname[39m=[32m"username"[39m
                [33mplaceholder[39m=[32m"Enter your username"[39m
                [33mrequired[39m=[32m""[39m
                [33mvalue[39m=[32m""[39m
              [36m/>[39m
            [36m</div>[39m
            [36m<div[39m
              [33mclass[39m=[32m"space-y-2 "[39m
            [36m>[39m
              [36m<label[39m
                [33mclass[39m=[32m"text-sm font-semibold text-slate-700 
dark:text-slate-200"[39m
              [36m>[39m
                [0mPassword[0m
              [36m</label>[39m
              [36m<input[39m
                [33maria-invalid[39m=[32m"false"[39m
                [33mclass[39m=[32m"input-field  "[39m
                [33mname[39m=[32m"password"[39m
                [33mplaceholder[39m=[32m"ΓÇóΓÇóΓÇóΓÇóΓÇóΓÇóΓÇóΓÇó"[39m
                [33mrequired[39m=[32m""[39m
                [33mtype[39m=[32m"password"[39m
                [33mvalue[39m=[32m""[39m
              [36m/>[39m
            [36m</div>[39m
            [36m<button[39m
              [33mclass[39m=[32m"btn-primary"[39m
            [36m>[39m
              [0mLogin[0m
            [36m</button>[39m
          [36m</form>[39m
          [36m<button[39m
            [33mclass[39m=[32m"mt-4 w-full text-sm font-semibold 
text-blue-600 transition-colors hover:text-blue-700 dark:text-blue-400 
dark:hover:text-blue-300"[39m
            [33mtype[39m=[32m"button"[39m
          [36m>[39m
            [0mNeed an account? Register[0m
          [36m</button>[39m
        [36m</section>[39m
      [36m</div>[39m
    [36m</div>[39m
  [36m</div>[39m
[36m</body>[39m
[90m [2mΓ¥»[22m Object.getElementError 
node_modules/@testing-library/dom/dist/config.js:[2m37:19[22m[39m
[90m [2mΓ¥»[22m getElementError 
node_modules/@testing-library/dom/dist/query-helpers.js:[2m20:35[22m[39m
[90m [2mΓ¥»[22m getMultipleElementsFoundError 
node_modules/@testing-library/dom/dist/query-helpers.js:[2m23:10[22m[39m
[90m [2mΓ¥»[22m 
node_modules/@testing-library/dom/dist/query-helpers.js:[2m55:13[22m[39m
[90m [2mΓ¥»[22m 
node_modules/@testing-library/dom/dist/query-helpers.js:[2m95:19[22m[39m
[36m [2mΓ¥»[22m src/Pages/LoginPage.test.tsx:[2m105:33[22m[39m
    [90m103|[39m
    [90m104|[39m     [90m// Switch to register mode[39m
    [90m105|[39m     const toggleButton = screen.getByRole("button", { name: 
/register/ΓÇª
    [90m   |[39m                                 [31m^[39m
    [90m106|[39m     [35mawait[39m 
user[33m.[39m[34mclick[39m(toggleButton)[33m;[39m
    [90m107|[39m

[31m[2mΓÄ»ΓÄ»ΓÄ»ΓÄ»ΓÄ»ΓÄ»ΓÄ»ΓÄ»ΓÄ»ΓÄ»ΓÄ»ΓÄ»ΓÄ»ΓÄ»ΓÄ»ΓÄ»ΓÄ»ΓÄ»ΓÄ»ΓÄ»ΓÄ»ΓÄ»ΓÄ»Γ
Ä»[6/8]ΓÄ»[22m[39m

[41m[1m FAIL [22m[49m src/Pages/LoginPage.test.tsx[2m > 
[22mLoginPage[2m > [22mdisplays loading state during submission
[31m[1mTestingLibraryElementError[22m[39m: Unable to find an accessible 
element with the role "button" and name `/Please wait/i`

Here are the accessible roles:

  heading:

  Name "Track money with a calmer, sharper dashboard.":
  [36m<h1[39m
    [33mclass[39m=[32m"mt-6 text-4xl font-black tracking-tight 
sm:text-5xl"[39m
  [36m/>[39m

  Name "Welcome back":
  [36m<h2[39m
    [33mclass[39m=[32m"mt-2 text-2xl font-bold text-slate-900 
dark:text-white"[39m
  [36m/>[39m

  --------------------------------------------------
  button:

  Name "Register":
  [36m<button[39m
    [33mclass[39m=[32m"btn-secondary w-auto shrink-0 px-4 py-2 text-sm"[39m
    [33mtype[39m=[32m"button"[39m
  [36m/>[39m

  Name "Login":
  [36m<button[39m
    [33mclass[39m=[32m"btn-primary"[39m
  [36m/>[39m

  Name "Need an account? Register":
  [36m<button[39m
    [33mclass[39m=[32m"mt-4 w-full text-sm font-semibold text-blue-600 
transition-colors hover:text-blue-700 dark:text-blue-400 
dark:hover:text-blue-300"[39m
    [33mtype[39m=[32m"button"[39m
  [36m/>[39m

  --------------------------------------------------
  textbox:

  Name "":
  [36m<input[39m
    [33maria-invalid[39m=[32m"false"[39m
    [33mclass[39m=[32m"input-field  "[39m
    [33mname[39m=[32m"username"[39m
    [33mplaceholder[39m=[32m"Enter your username"[39m
    [33mrequired[39m=[32m""[39m
    [33mvalue[39m=[32m"testuser"[39m
  [36m/>[39m

  --------------------------------------------------

Ignored nodes: comments, script, style
[36m<body>[39m
  [36m<div>[39m
    [36m<div[39m
      [33mclass[39m=[32m"min-h-screen px-4 py-6 sm:px-6 lg:px-8"[39m
    [36m>[39m
      [36m<div[39m
        [33mclass[39m=[32m"mx-auto grid min-h-[calc(100vh-3rem)] max-w-6xl 
items-center gap-8 lg:grid-cols-[1.1fr_0.9fr]"[39m
      [36m>[39m
        [36m<section[39m
          [33mclass[39m=[32m"relative overflow-hidden rounded-[2rem] p-8 
text-white shadow-2xl sm:p-10"[39m
        [36m>[39m
          [36m<div[39m
            [33mclass[39m=[32m"absolute inset-0 bg-[radial-gradient(circle_a
t_top_right,rgba(255,255,255,0.2),transparent_28%)]"[39m
          [36m/>[39m
          [36m<div[39m
            [33mclass[39m=[32m"absolute -right-20 top-8 h-40 w-40 
rounded-full bg-white/10 blur-3xl"[39m
          [36m/>[39m
          [36m<div[39m
            [33mclass[39m=[32m"absolute -bottom-12 left-4 h-32 w-32 
rounded-full bg-cyan-300/20 blur-3xl"[39m
          [36m/>[39m
          [36m<div[39m
            [33mclass[39m=[32m"relative z-10 max-w-xl"[39m
          [36m>[39m
            [36m<p[39m
              [33mclass[39m=[32m"text-sm font-semibold uppercase 
tracking-[0.35em] text-blue-100/80"[39m
            [36m>[39m
              [0mSpark Finance[0m
            [36m</p>[39m
            [36m<h1[39m
              [33mclass[39m=[32m"mt-6 text-4xl font-black tracking-tight 
sm:text-5xl"[39m
            [36m>[39m
              [0mTrack money with a calmer, sharper dashboard.[0m
            [36m</h1>[39m
            [36m<p[39m
              [33mclass[39m=[32m"mt-4 max-w-lg text-sm leading-7 
text-blue-50/90 sm:text-base"[39m
            [36m>[39m
              [0mCapture income, watch spending, and read your finances at a 
glance without visual noise.[0m
            [36m</p>[39m
            [36m<div[39m
              [33mclass[39m=[32m"mt-10 grid gap-4 sm:grid-cols-3"[39m
            [36m>[39m
              [36m<div[39m
                [33mclass[39m=[32m"rounded-2xl border border-white/15 
bg-white/10 p-4 backdrop-blur"[39m
              [36m>[39m
                [36m<p[39m
                  [33mclass[39m=[32m"text-xs uppercase tracking-[0.2em] 
text-blue-100/70"[39m
                [36m>[39m
                  [0mFast entry[0m
                [36m</p>[39m
                [36m<p[39m
                  [33mclass[39m=[32m"mt-2 text-sm font-semibold"[39m
                [36m>[39m
                  [0mLog transactions in seconds.[0m
                [36m</p>[39m
              [36m</div>[39m
              [36m<div[39m
                [33mclass[39m=[32m"rounded-2xl border border-white/15 
bg-white/10 p-4 backdrop-blur"[39m
              [36m>[39m
                [36m<p[39m
                  [33mclass[39m=[32m"text-xs uppercase tracking-[0.2em] 
text-blue-100/70"[39m
                [36m>[39m
                  [0mClear insight[0m
                [36m</p>[39m
                [36m<p[39m
                  [33mclass[39m=[32m"mt-2 text-sm font-semibold"[39m
                [36m>[39m
                  [0mSee income and expenses together.[0m
                [36m</p>[39m
              [36m</div>[39m
              [36m<div[39m
                [33mclass[39m=[32m"rounded-2xl border border-white/15 
bg-white/10 p-4 backdrop-blur"[39m
              [36m>[39m
                [36m<p[39m
                  [33mclass[39m=[32m"text-xs uppercase tracking-[0.2em] 
text-blue-100/70"[39m
                [36m>[39m
                  [0mSecure access[0m
                [36m</p>[39m
                [36m<p[39m
                  [33mclass[39m=[32m"mt-2 text-sm font-semibold"[39m
                [36m>[39m
                  [0mYour JWT session stays protected.[0m
                [36m</p>[39m
              [36m</div>[39m
            [36m</div>[39m
          [36m</div>[39m
        [36m</section>[39m
        [36m<section[39m
          [33mclass[39m=[32m"surface rounded-[2rem] p-6 sm:p-8"[39m
        [36m>[39m
          [36m<div[39m
            [33mclass[39m=[32m"flex items-start justify-between gap-4"[39m
          [36m>[39m
            [36m<div>[39m
              [36m<p[39m
                [33mclass[39m=[32m"text-xs font-semibold uppercase 
tracking-[0.3em] text-blue-600 dark:text-blue-400"[39m
              [36m>[39m
                [0mAccess[0m
              [36m</p>[39m
              [36m<h2[39m
                [33mclass[39m=[32m"mt-2 text-2xl font-bold text-slate-900 
dark:text-white"[39m
              [36m>[39m
                [0mWelcome back[0m
              [36m</h2>[39m
              [36m<p[39m
                [33mclass[39m=[32m"mt-2 text-sm leading-6 text-slate-500 
dark:text-slate-400"[39m
              [36m>[39m
                [0mSign in to continue where you left off.[0m
              [36m</p>[39m
            [36m</div>[39m
            [36m<button[39m
              [33mclass[39m=[32m"btn-secondary w-auto shrink-0 px-4 py-2 
text-sm"[39m
              [33mtype[39m=[32m"button"[39m
            [36m>[39m
              [0mRegister[0m
            [36m</button>[39m
          [36m</div>[39m
          [36m<form[39m
            [33mclass[39m=[32m"mt-6 space-y-4"[39m
          [36m>[39m
            [36m<div[39m
              [33mclass[39m=[32m"space-y-2 "[39m
            [36m>[39m
              [36m<label[39m
                [33mclass[39m=[32m"text-sm font-semibold text-slate-700 
dark:text-slate-200"[39m
              [36m>[39m
                [0mUsername[0m
              [36m</label>[39m
              [36m<input[39m
                [33maria-invalid[39m=[32m"false"[39m
                [33mclass[39m=[32m"input-field  "[39m
                [33mname[39m=[32m"username"[39m
                [33mplaceholder[39m=[32m"Enter your username"[39m
                [33mrequired[39m=[32m""[39m
                [33mvalue[39m=[32m"testuser"[39m
              [36m/>[39m
            [36m</div>[39m
            [36m<div[39m
              [33mclass[39m=[32m"space-y-2 "[39m
            [36m>[39m
              [36m<label[39m
                [33mclass[39m=[32m"text-sm font-semibold text-slate-700 
dark:text-slate-200"[39m
              [36m>[39m
                [0mPassword[0m
              [36m</label>[39m
              [36m<input[39m
                [33maria-invalid[39m=[32m"false"[39m
                [33mclass[39m=[32m"input-field  "[39m
                [33mname[39m=[32m"password"[39m
                [33mplaceholder[39m=[32m"ΓÇóΓÇóΓÇóΓÇóΓÇóΓÇóΓÇóΓÇó"[39m
                [33mrequired[39m=[32m""[39m
                [33mtype[39m=[32m"password"[39m
                [33mvalue[39m=[32m"password123"[39m
              [36m/>[39m
            [36m</div>[39m
            [36m<button[39m
              [33mclass[39m=[32m"btn-primary"[39m
            [36m>[39m
              [0mLogin[0m
            [36m</button>[39m
          [36m</form>[39m
          [36m<button[39m
            [33mclass[39m=[32m"mt-4 w-full text-sm font-semibold 
text-blue-600 transition-colors hover:text-blue-700 dark:text-blue-400 
dark:hover:text-blue-300"[39m
            [33mtype[39m=[32m"button"[39m
          [36m>[39m
            [0mNeed an account? Register[0m
          [36m</button>[39m
        [36m</section>[39m
      [36m</div>[39m
    [36m</div>[39m
  [36m</div>[39m
[36m</body>[39m
[90m [2mΓ¥»[22m Object.getElementError 
node_modules/@testing-library/dom/dist/config.js:[2m37:19[22m[39m
[90m [2mΓ¥»[22m 
node_modules/@testing-library/dom/dist/query-helpers.js:[2m76:38[22m[39m
[90m [2mΓ¥»[22m 
node_modules/@testing-library/dom/dist/query-helpers.js:[2m52:17[22m[39m
[90m [2mΓ¥»[22m 
node_modules/@testing-library/dom/dist/query-helpers.js:[2m95:19[22m[39m
[36m [2mΓ¥»[22m src/Pages/LoginPage.test.tsx:[2m143:19[22m[39m
    [90m141|[39m
    [90m142|[39m     [90m// Button should show loading state[39m
    [90m143|[39m     expect(screen.getByRole("button", { name: /Please 
wait/i })).toBeDΓÇª
    [90m   |[39m                   [31m^[39m
    [90m144|[39m
    [90m145|[39m     [90m// Resolve the promise[39m

[31m[2mΓÄ»ΓÄ»ΓÄ»ΓÄ»ΓÄ»ΓÄ»ΓÄ»ΓÄ»ΓÄ»ΓÄ»ΓÄ»ΓÄ»ΓÄ»ΓÄ»ΓÄ»ΓÄ»ΓÄ»ΓÄ»ΓÄ»ΓÄ»ΓÄ»ΓÄ»ΓÄ»Γ
Ä»[7/8]ΓÄ»[22m[39m

[41m[1m FAIL [22m[49m src/Pages/LoginPage.test.tsx[2m > 
[22mLoginPage[2m > [22mclears form after successful registration
[31m[1mTestingLibraryElementError[22m[39m: Found multiple elements with 
the role "button" and name `/register/i`

Here are the matching elements:

Ignored nodes: comments, script, style
[36m<button[39m
  [33mclass[39m=[32m"btn-secondary w-auto shrink-0 px-4 py-2 text-sm"[39m
  [33mtype[39m=[32m"button"[39m
[36m>[39m
  [0mRegister[0m
[36m</button>[39m

Ignored nodes: comments, script, style
[36m<button[39m
  [33mclass[39m=[32m"mt-4 w-full text-sm font-semibold text-blue-600 
transition-colors hover:text-blue-700 dark:text-blue-400 
dark:hover:text-blue-300"[39m
  [33mtype[39m=[32m"button"[39m
[36m>[39m
  [0mNeed an account? Register[0m
[36m</button>[39m

(If this is intentional, then use the `*AllBy*` variant of the query (like 
`queryAllByText`, `getAllByText`, or `findAllByText`)).

Ignored nodes: comments, script, style
[36m<body>[39m
  [36m<div>[39m
    [36m<div[39m
      [33mclass[39m=[32m"min-h-screen px-4 py-6 sm:px-6 lg:px-8"[39m
    [36m>[39m
      [36m<div[39m
        [33mclass[39m=[32m"mx-auto grid min-h-[calc(100vh-3rem)] max-w-6xl 
items-center gap-8 lg:grid-cols-[1.1fr_0.9fr]"[39m
      [36m>[39m
        [36m<section[39m
          [33mclass[39m=[32m"relative overflow-hidden rounded-[2rem] p-8 
text-white shadow-2xl sm:p-10"[39m
        [36m>[39m
          [36m<div[39m
            [33mclass[39m=[32m"absolute inset-0 bg-[radial-gradient(circle_a
t_top_right,rgba(255,255,255,0.2),transparent_28%)]"[39m
          [36m/>[39m
          [36m<div[39m
            [33mclass[39m=[32m"absolute -right-20 top-8 h-40 w-40 
rounded-full bg-white/10 blur-3xl"[39m
          [36m/>[39m
          [36m<div[39m
            [33mclass[39m=[32m"absolute -bottom-12 left-4 h-32 w-32 
rounded-full bg-cyan-300/20 blur-3xl"[39m
          [36m/>[39m
          [36m<div[39m
            [33mclass[39m=[32m"relative z-10 max-w-xl"[39m
          [36m>[39m
            [36m<p[39m
              [33mclass[39m=[32m"text-sm font-semibold uppercase 
tracking-[0.35em] text-blue-100/80"[39m
            [36m>[39m
              [0mSpark Finance[0m
            [36m</p>[39m
            [36m<h1[39m
              [33mclass[39m=[32m"mt-6 text-4xl font-black tracking-tight 
sm:text-5xl"[39m
            [36m>[39m
              [0mTrack money with a calmer, sharper dashboard.[0m
            [36m</h1>[39m
            [36m<p[39m
              [33mclass[39m=[32m"mt-4 max-w-lg text-sm leading-7 
text-blue-50/90 sm:text-base"[39m
            [36m>[39m
              [0mCapture income, watch spending, and read your finances at a 
glance without visual noise.[0m
            [36m</p>[39m

[2m Test Files [22m [1m[31m2 failed[39m[22m[2m | [22m[1m[32m1 passed[39m[22m[90m (3)[39m
[2m      Tests [22m [1m[31m8 failed[39m[22m[2m | [22m[1m[32m16 passed[39m[22m[90m (24)[39m
[2m   Start at [22m 12:34:26
[2m   Duration [22m 15.13s[2m (transform 1.34s, setup 12.62s, import 6.62s, tests 3.54s, environment 14.74s)[22m

            [36m<div[39m
              [33mclass[39m=[32m"mt-10 grid gap-4 sm:grid-cols-3"[39m
            [36m>[39m
              [36m<div[39m
                [33mclass[39m=[32m"rounded-2xl border border-white/15 
bg-white/10 p-4 backdrop-blur"[39m
              [36m>[39m
                [36m<p[39m
                  [33mclass[39m=[32m"text-xs uppercase tracking-[0.2em] 
text-blue-100/70"[39m
                [36m>[39m
                  [0mFast entry[0m
                [36m</p>[39m
                [36m<p[39m
                  [33mclass[39m=[32m"mt-2 text-sm font-semibold"[39m
                [36m>[39m
                  [0mLog transactions in seconds.[0m
                [36m</p>[39m
              [36m</div>[39m
              [36m<div[39m
                [33mclass[39m=[32m"rounded-2xl border border-white/15 
bg-white/10 p-4 backdrop-blur"[39m
              [36m>[39m
                [36m<p[39m
                  [33mclass[39m=[32m"text-xs uppercase tracking-[0.2em] 
text-blue-100/70"[39m
                [36m>[39m
                  [0mClear insight[0m
                [36m</p>[39m
                [36m<p[39m
                  [33mclass[39m=[32m"mt-2 text-sm font-semibold"[39m
                [36m>[39m
                  [0mSee income and expenses together.[0m
                [36m</p>[39m
              [36m</div>[39m
              [36m<div[39m
                [33mclass[39m=[32m"rounded-2xl border border-white/15 
bg-white/10 p-4 backdrop-blur"[39m
              [36m>[39m
                [36m<p[39m
                  [33mclass[39m=[32m"text-xs uppercase tracking-[0.2em] 
text-blue-100/70"[39m
                [36m>[39m
                  [0mSecure access[0m
                [36m</p>[39m
                [36m<p[39m
                  [33mclass[39m=[32m"mt-2 text-sm font-semibold"[39m
                [36m>[39m
                  [0mYour JWT session stays protected.[0m
                [36m</p>[39m
              [36m</div>[39m
            [36m</div>[39m
          [36m</div>[39m
        [36m</section>[39m
        [36m<section[39m
          [33mclass[39m=[32m"surface rounded-[2rem] p-6 sm:p-8"[39m
        [36m>[39m
          [36m<div[39m
            [33mclass[39m=[32m"flex items-start justify-between gap-4"[39m
          [36m>[39m
            [36m<div>[39m
              [36m<p[39m
                [33mclass[39m=[32m"text-xs font-semibold uppercase 
tracking-[0.3em] text-blue-600 dark:text-blue-400"[39m
              [36m>[39m
                [0mAccess[0m
              [36m</p>[39m
              [36m<h2[39m
                [33mclass[39m=[32m"mt-2 text-2xl font-bold text-slate-900 
dark:text-white"[39m
              [36m>[39m
                [0mWelcome back[0m
              [36m</h2>[39m
              [36m<p[39m
                [33mclass[39m=[32m"mt-2 text-sm leading-6 text-slate-500 
dark:text-slate-400"[39m
              [36m>[39m
                [0mSign in to continue where you left off.[0m
              [36m</p>[39m
            [36m</div>[39m
            [36m<button[39m
              [33mclass[39m=[32m"btn-secondary w-auto shrink-0 px-4 py-2 
text-sm"[39m
              [33mtype[39m=[32m"button"[39m
            [36m>[39m
              [0mRegister[0m
            [36m</button>[39m
          [36m</div>[39m
          [36m<form[39m
            [33mclass[39m=[32m"mt-6 space-y-4"[39m
          [36m>[39m
            [36m<div[39m
              [33mclass[39m=[32m"space-y-2 "[39m
            [36m>[39m
              [36m<label[39m
                [33mclass[39m=[32m"text-sm font-semibold text-slate-700 
dark:text-slate-200"[39m
              [36m>[39m
                [0mUsername[0m
              [36m</label>[39m
              [36m<input[39m
                [33maria-invalid[39m=[32m"false"[39m
                [33mclass[39m=[32m"input-field  "[39m
                [33mname[39m=[32m"username"[39m
                [33mplaceholder[39m=[32m"Enter your username"[39m
                [33mrequired[39m=[32m""[39m
                [33mvalue[39m=[32m""[39m
              [36m/>[39m
            [36m</div>[39m
            [36m<div[39m
              [33mclass[39m=[32m"space-y-2 "[39m
            [36m>[39m
              [36m<label[39m
                [33mclass[39m=[32m"text-sm font-semibold text-slate-700 
dark:text-slate-200"[39m
              [36m>[39m
                [0mPassword[0m
              [36m</label>[39m
              [36m<input[39m
                [33maria-invalid[39m=[32m"false"[39m
                [33mclass[39m=[32m"input-field  "[39m
                [33mname[39m=[32m"password"[39m
                [33mplaceholder[39m=[32m"ΓÇóΓÇóΓÇóΓÇóΓÇóΓÇóΓÇóΓÇó"[39m
                [33mrequired[39m=[32m""[39m
                [33mtype[39m=[32m"password"[39m
                [33mvalue[39m=[32m""[39m
              [36m/>[39m
            [36m</div>[39m
            [36m<button[39m
              [33mclass[39m=[32m"btn-primary"[39m
            [36m>[39m
              [0mLogin[0m
            [36m</button>[39m
          [36m</form>[39m
          [36m<button[39m
            [33mclass[39m=[32m"mt-4 w-full text-sm font-semibold 
text-blue-600 transition-colors hover:text-blue-700 dark:text-blue-400 
dark:hover:text-blue-300"[39m
            [33mtype[39m=[32m"button"[39m
          [36m>[39m
            [0mNeed an account? Register[0m
          [36m</button>[39m
        [36m</section>[39m
      [36m</div>[39m
    [36m</div>[39m
  [36m</div>[39m
[36m</body>[39m
[90m [2mΓ¥»[22m Object.getElementError 
node_modules/@testing-library/dom/dist/config.js:[2m37:19[22m[39m
[90m [2mΓ¥»[22m getElementError 
node_modules/@testing-library/dom/dist/query-helpers.js:[2m20:35[22m[39m
[90m [2mΓ¥»[22m getMultipleElementsFoundError 
node_modules/@testing-library/dom/dist/query-helpers.js:[2m23:10[22m[39m
[90m [2mΓ¥»[22m 
node_modules/@testing-library/dom/dist/query-helpers.js:[2m55:13[22m[39m
[90m [2mΓ¥»[22m 
node_modules/@testing-library/dom/dist/query-helpers.js:[2m95:19[22m[39m
[36m [2mΓ¥»[22m src/Pages/LoginPage.test.tsx:[2m158:33[22m[39m
    [90m156|[39m
    [90m157|[39m     [90m// Switch to register mode[39m
    [90m158|[39m     const toggleButton = screen.getByRole("button", { name: 
/register/ΓÇª
    [90m   |[39m                                 [31m^[39m
    [90m159|[39m     [35mawait[39m 
user[33m.[39m[34mclick[39m(toggleButton)[33m;[39m
    [90m160|[39m

[31m[2mΓÄ»ΓÄ»ΓÄ»ΓÄ»ΓÄ»ΓÄ»ΓÄ»ΓÄ»ΓÄ»ΓÄ»ΓÄ»ΓÄ»ΓÄ»ΓÄ»ΓÄ»ΓÄ»ΓÄ»ΓÄ»ΓÄ»ΓÄ»ΓÄ»ΓÄ»ΓÄ»Γ
Ä»[8/8]ΓÄ»[22m[39m

